
 -------------------------------------------------- 
{"date":"2022-06-10T13:19:27.505Z","type":"error","message":"error when connect to database !","error":"SequelizeAccessDeniedError: Access denied for user 'bilel_admin'@'41.231.228.100' (using password: YES)"}{"date":"2022-06-10T13:19:27.507Z","type":"error","message":"error when finding reclamations data from database","error":"SequelizeAccessDeniedError: Access denied for user 'bilel_admin'@'41.231.228.100' (using password: YES)"}
 -------------------------------------------------- 
